Archive member included because of file (symbol)

c:/program files (x86)/atmel/atmel studio 6.0/extensions/atmel/avrgcc/3.4.1.95/avrtoolchain/bin/../lib/gcc/avr/4.6.2/avr5\libgcc.a(_udivmodhi4.o)
                              ApplicationLayer/user_account.o (__udivmodhi4)
c:/program files (x86)/atmel/atmel studio 6.0/extensions/atmel/avrgcc/3.4.1.95/avrtoolchain/bin/../lib/gcc/avr/4.6.2/avr5\libgcc.a(_udivmodsi4.o)
                              MCAL/Timer/Timer.o (__udivmodsi4)
c:/program files (x86)/atmel/atmel studio 6.0/extensions/atmel/avrgcc/3.4.1.95/avrtoolchain/bin/../lib/gcc/avr/4.6.2/avr5\libgcc.a(_exit.o)
                              c:/program files (x86)/atmel/atmel studio 6.0/extensions/atmel/avrgcc/3.4.1.95/avrtoolchain/bin/../lib/gcc/avr/4.6.2/../../../../avr/lib/avr5/crtm32.o (exit)
c:/program files (x86)/atmel/atmel studio 6.0/extensions/atmel/avrgcc/3.4.1.95/avrtoolchain/bin/../lib/gcc/avr/4.6.2/avr5\libgcc.a(_copy_data.o)
                              ApplicationLayer/user_account.o (__do_copy_data)
c:/program files (x86)/atmel/atmel studio 6.0/extensions/atmel/avrgcc/3.4.1.95/avrtoolchain/bin/../lib/gcc/avr/4.6.2/avr5\libgcc.a(_clear_bss.o)
                              ApplicationLayer/user_account.o (__do_clear_bss)
c:/program files (x86)/atmel/atmel studio 6.0/extensions/atmel/avrgcc/3.4.1.95/avrtoolchain/bin/../lib/gcc/avr/4.6.2/../../../../avr/lib/avr5\libc.a(atoi.o)
                              MasterController.o (atoi)
c:/program files (x86)/atmel/atmel studio 6.0/extensions/atmel/avrgcc/3.4.1.95/avrtoolchain/bin/../lib/gcc/avr/4.6.2/../../../../avr/lib/avr5\libc.a(mul10.o)
                              c:/program files (x86)/atmel/atmel studio 6.0/extensions/atmel/avrgcc/3.4.1.95/avrtoolchain/bin/../lib/gcc/avr/4.6.2/../../../../avr/lib/avr5\libc.a(atoi.o) (__mulhi_const_10)

Allocating common symbols
Common symbol       size              file

EN                  0x1               HAL/LCD/LCD.o
timer0              0x7               ApplicationLayer/user_account.o
ControlPort         0x1               HAL/LCD/LCD.o
current_user        0x1a              ApplicationLayer/user_account.o
BlockLED            0x2               ApplicationLayer/user_account.o
RW                  0x1               HAL/LCD/LCD.o
DataPort            0x1               HAL/LCD/LCD.o
RS                  0x1               HAL/LCD/LCD.o

Memory Configuration

Name             Origin             Length             Attributes
text             0x00000000         0x00020000         xr
data             0x00800060         0x0000ffa0         rw !x
eeprom           0x00810000         0x00010000         rw !x
fuse             0x00820000         0x00000400         rw !x
lock             0x00830000         0x00000400         rw !x
signature        0x00840000         0x00000400         rw !x
*default*        0x00000000         0xffffffff

Linker script and memory map

LOAD c:/program files (x86)/atmel/atmel studio 6.0/extensions/atmel/avrgcc/3.4.1.95/avrtoolchain/bin/../lib/gcc/avr/4.6.2/../../../../avr/lib/avr5/crtm32.o
LOAD ApplicationLayer/user_account.o
LOAD HAL/LCD/LCD.o
LOAD HAL/LED/LED.o
LOAD MasterController.o
LOAD MCAL/DIO/DIO.o
LOAD MCAL/EEPROM/EEPROM.o
LOAD MCAL/SPI/SPI.o
LOAD MCAL/Timer/Timer.o
LOAD MCAL/UART/UART.o
START GROUP
LOAD c:/program files (x86)/atmel/atmel studio 6.0/extensions/atmel/avrgcc/3.4.1.95/avrtoolchain/bin/../lib/gcc/avr/4.6.2/../../../../avr/lib/avr5\libm.a
END GROUP
LOAD c:/program files (x86)/atmel/atmel studio 6.0/extensions/atmel/avrgcc/3.4.1.95/avrtoolchain/bin/../lib/gcc/avr/4.6.2/avr5\libgcc.a
LOAD c:/program files (x86)/atmel/atmel studio 6.0/extensions/atmel/avrgcc/3.4.1.95/avrtoolchain/bin/../lib/gcc/avr/4.6.2/../../../../avr/lib/avr5\libc.a
LOAD c:/program files (x86)/atmel/atmel studio 6.0/extensions/atmel/avrgcc/3.4.1.95/avrtoolchain/bin/../lib/gcc/avr/4.6.2/avr5\libgcc.a

.hash
 *(.hash)

.dynsym
 *(.dynsym)

.dynstr
 *(.dynstr)

.gnu.version
 *(.gnu.version)

.gnu.version_d
 *(.gnu.version_d)

.gnu.version_r
 *(.gnu.version_r)

.rel.init
 *(.rel.init)

.rela.init
 *(.rela.init)

.rel.text
 *(.rel.text)
 *(.rel.text.*)
 *(.rel.gnu.linkonce.t*)

.rela.text
 *(.rela.text)
 *(.rela.text.*)
 *(.rela.gnu.linkonce.t*)

.rel.fini
 *(.rel.fini)

.rela.fini
 *(.rela.fini)

.rel.rodata
 *(.rel.rodata)
 *(.rel.rodata.*)
 *(.rel.gnu.linkonce.r*)

.rela.rodata
 *(.rela.rodata)
 *(.rela.rodata.*)
 *(.rela.gnu.linkonce.r*)

.rel.data
 *(.rel.data)
 *(.rel.data.*)
 *(.rel.gnu.linkonce.d*)

.rela.data
 *(.rela.data)
 *(.rela.data.*)
 *(.rela.gnu.linkonce.d*)

.rel.ctors
 *(.rel.ctors)

.rela.ctors
 *(.rela.ctors)

.rel.dtors
 *(.rel.dtors)

.rela.dtors
 *(.rela.dtors)

.rel.got
 *(.rel.got)

.rela.got
 *(.rela.got)

.rel.bss
 *(.rel.bss)

.rela.bss
 *(.rela.bss)

.rel.plt
 *(.rel.plt)

.rela.plt
 *(.rela.plt)

.text           0x00000000     0x1526
 *(.vectors)
 .vectors       0x00000000       0x54 c:/program files (x86)/atmel/atmel studio 6.0/extensions/atmel/avrgcc/3.4.1.95/avrtoolchain/bin/../lib/gcc/avr/4.6.2/../../../../avr/lib/avr5/crtm32.o
                0x00000000                __vector_default
                0x00000000                __vectors
 *(.vectors)
 *(.progmem.gcc*)
 *(.progmem*)
                0x00000054                . = ALIGN (0x2)
                0x00000054                __trampolines_start = .
 *(.trampolines)
 .trampolines   0x00000054        0x0 linker stubs
 *(.trampolines*)
                0x00000054                __trampolines_end = .
 *(.jumptables)
 *(.jumptables*)
 *(.lowtext)
 *(.lowtext*)
                0x00000054                __ctors_start = .
 *(.ctors)
                0x00000054                __ctors_end = .
                0x00000054                __dtors_start = .
 *(.dtors)
                0x00000054                __dtors_end = .
 SORT(*)(.ctors)
 SORT(*)(.dtors)
 *(.init0)
 .init0         0x00000054        0x0 c:/program files (x86)/atmel/atmel studio 6.0/extensions/atmel/avrgcc/3.4.1.95/avrtoolchain/bin/../lib/gcc/avr/4.6.2/../../../../avr/lib/avr5/crtm32.o
                0x00000054                __init
 *(.init0)
 *(.init1)
 *(.init1)
 *(.init2)
 .init2         0x00000054        0xc c:/program files (x86)/atmel/atmel studio 6.0/extensions/atmel/avrgcc/3.4.1.95/avrtoolchain/bin/../lib/gcc/avr/4.6.2/../../../../avr/lib/avr5/crtm32.o
 *(.init2)
 *(.init3)
 *(.init3)
 *(.init4)
 .init4         0x00000060       0x16 c:/program files (x86)/atmel/atmel studio 6.0/extensions/atmel/avrgcc/3.4.1.95/avrtoolchain/bin/../lib/gcc/avr/4.6.2/avr5\libgcc.a(_copy_data.o)
                0x00000060                __do_copy_data
 .init4         0x00000076       0x10 c:/program files (x86)/atmel/atmel studio 6.0/extensions/atmel/avrgcc/3.4.1.95/avrtoolchain/bin/../lib/gcc/avr/4.6.2/avr5\libgcc.a(_clear_bss.o)
                0x00000076                __do_clear_bss
 *(.init4)
 *(.init5)
 *(.init5)
 *(.init6)
 *(.init6)
 *(.init7)
 *(.init7)
 *(.init8)
 *(.init8)
 *(.init9)
 .init9         0x00000086        0x8 c:/program files (x86)/atmel/atmel studio 6.0/extensions/atmel/avrgcc/3.4.1.95/avrtoolchain/bin/../lib/gcc/avr/4.6.2/../../../../avr/lib/avr5/crtm32.o
 *(.init9)
 *(.text)
 .text          0x0000008e        0x4 c:/program files (x86)/atmel/atmel studio 6.0/extensions/atmel/avrgcc/3.4.1.95/avrtoolchain/bin/../lib/gcc/avr/4.6.2/../../../../avr/lib/avr5/crtm32.o
                0x0000008e                __vector_1
                0x0000008e                __vector_12
                0x0000008e                __bad_interrupt
                0x0000008e                __vector_6
                0x0000008e                __vector_3
                0x0000008e                __vector_11
                0x0000008e                __vector_17
                0x0000008e                __vector_19
                0x0000008e                __vector_7
                0x0000008e                __vector_5
                0x0000008e                __vector_4
                0x0000008e                __vector_9
                0x0000008e                __vector_2
                0x0000008e                __vector_15
                0x0000008e                __vector_8
                0x0000008e                __vector_14
                0x0000008e                __vector_16
                0x0000008e                __vector_18
                0x0000008e                __vector_20
 .text          0x00000092      0x7f6 ApplicationLayer/user_account.o
                0x00000248                user_vInt
                0x000002d0                setup_user
                0x0000045c                Check_Wrong_atempt
                0x00000624                user_vLogin
 .text          0x00000888      0x276 HAL/LCD/LCD.o
                0x000008be                LCD_vSendCMD
                0x000008dc                LCD_vInit
                0x00000940                LCD_vShiftScreenRight
                0x00000948                LCD_vShiftScreenLeft
                0x00000950                LCD_vMoveCursorRight
                0x00000958                LCD_vMoveCursorLeft
                0x00000960                LCD_vMoveCursor
                0x00000974                AutoShiftScreen
                0x000009d4                LCD_CursorState
                0x000009da                LCD_vClearScreen
                0x000009e6                LCD_vSendData
                0x00000a04                LCD_HIDE_Last
                0x00000a10                LCD_DeleteLast
                0x00000a20                LCD_PrintNumber
                0x00000ad6                LCD_vPrint
 .text          0x00000afe       0x3a HAL/LED/LED.o
                0x00000afe                LED_vInit
                0x00000b10                LED_vTurnOn
                0x00000b1e                LED_vTurnOFF
                0x00000b2c                LED_vToggle
 .text          0x00000b38      0x2a2 MasterController.o
                0x00000b38                WelcomeMSG
                0x00000bc6                RoomMenu
                0x00000c7e                ACMenu
                0x00000d36                MainMenu
                0x00000d6c                main
 .text          0x00000dda      0x2cc MCAL/DIO/DIO.o
                0x00000dda                DIO_vSetPinDirection
                0x00000e42                DIO_vWritePin
                0x00000ea8                DIO_ReadPin
                0x00000ee8                DIO_vTogglepin
                0x00000f2a                DIO_vSet_PORT_Direction
                0x00000f56                DIO_vWrite_PORT
                0x00000f82                DIO_GetPinDirection
                0x00000fca                DIO_vWrite_PORT_Masked
                0x0000101c                Get_PORT
                0x0000104a                Get_DDR
                0x00001078                Get_PIN
 .text          0x000010a6       0x9e MCAL/EEPROM/EEPROM.o
                0x000010a6                EEPROM_vWrite
                0x000010b8                EEPROM_u8Read
                0x000010c8                EEPROM_WriteSTR
                0x00001106                EEPROM_ReadSTR
 .text          0x00001144       0xd0 MCAL/SPI/SPI.o
                0x00001144                SPI_Init_Master
                0x00001176                SPI_Init_Slave
                0x00001186                SPI_Master_Transmit
                0x000011b4                SPI_u8Slave_Read
                0x000011bc                SPI_GetCMD
                0x000011d4                SPI_SEND_STRING
                0x000011f2                SPI_SendCMD
 .text          0x00001214      0x1be MCAL/Timer/Timer.o
                0x00001214                Timer0_vInit
                0x0000132e                Timer0_v1msInit
                0x0000134a                Timer0_vStart
                0x00001352                Timer0_vStop
                0x0000135a                Timer_u16PassedSeconed
                0x00001376                Timer_u16PassedMinutes
                0x00001388                __vector_10
 .text          0x000013d2       0x98 MCAL/UART/UART.o
                0x000013d2                UART_vInit
                0x00001420                UART_vSend
                0x00001428                UART_Read
                0x00001432                UART_Read_Wait
                0x00001440                UART_RECIVED_DATA
                0x00001446                __vector_13
 .text          0x0000146a        0x0 c:/program files (x86)/atmel/atmel studio 6.0/extensions/atmel/avrgcc/3.4.1.95/avrtoolchain/bin/../lib/gcc/avr/4.6.2/avr5\libgcc.a(_udivmodhi4.o)
 .text          0x0000146a        0x0 c:/program files (x86)/atmel/atmel studio 6.0/extensions/atmel/avrgcc/3.4.1.95/avrtoolchain/bin/../lib/gcc/avr/4.6.2/avr5\libgcc.a(_udivmodsi4.o)
 .text          0x0000146a        0x0 c:/program files (x86)/atmel/atmel studio 6.0/extensions/atmel/avrgcc/3.4.1.95/avrtoolchain/bin/../lib/gcc/avr/4.6.2/avr5\libgcc.a(_exit.o)
 .text          0x0000146a        0x0 c:/program files (x86)/atmel/atmel studio 6.0/extensions/atmel/avrgcc/3.4.1.95/avrtoolchain/bin/../lib/gcc/avr/4.6.2/avr5\libgcc.a(_copy_data.o)
 .text          0x0000146a        0x0 c:/program files (x86)/atmel/atmel studio 6.0/extensions/atmel/avrgcc/3.4.1.95/avrtoolchain/bin/../lib/gcc/avr/4.6.2/avr5\libgcc.a(_clear_bss.o)
 .text          0x0000146a        0x0 c:/program files (x86)/atmel/atmel studio 6.0/extensions/atmel/avrgcc/3.4.1.95/avrtoolchain/bin/../lib/gcc/avr/4.6.2/../../../../avr/lib/avr5\libc.a(atoi.o)
 .text          0x0000146a        0x0 c:/program files (x86)/atmel/atmel studio 6.0/extensions/atmel/avrgcc/3.4.1.95/avrtoolchain/bin/../lib/gcc/avr/4.6.2/../../../../avr/lib/avr5\libc.a(mul10.o)
                0x0000146a                . = ALIGN (0x2)
 *(.text.*)
 .text.libgcc   0x0000146a       0x28 c:/program files (x86)/atmel/atmel studio 6.0/extensions/atmel/avrgcc/3.4.1.95/avrtoolchain/bin/../lib/gcc/avr/4.6.2/avr5\libgcc.a(_udivmodhi4.o)
                0x0000146a                __udivmodhi4
 .text.libgcc   0x00001492       0x44 c:/program files (x86)/atmel/atmel studio 6.0/extensions/atmel/avrgcc/3.4.1.95/avrtoolchain/bin/../lib/gcc/avr/4.6.2/avr5\libgcc.a(_udivmodsi4.o)
                0x00001492                __udivmodsi4
 .text.libgcc   0x000014d6        0x0 c:/program files (x86)/atmel/atmel studio 6.0/extensions/atmel/avrgcc/3.4.1.95/avrtoolchain/bin/../lib/gcc/avr/4.6.2/avr5\libgcc.a(_exit.o)
 .text.libgcc   0x000014d6        0x0 c:/program files (x86)/atmel/atmel studio 6.0/extensions/atmel/avrgcc/3.4.1.95/avrtoolchain/bin/../lib/gcc/avr/4.6.2/avr5\libgcc.a(_copy_data.o)
 .text.libgcc   0x000014d6        0x0 c:/program files (x86)/atmel/atmel studio 6.0/extensions/atmel/avrgcc/3.4.1.95/avrtoolchain/bin/../lib/gcc/avr/4.6.2/avr5\libgcc.a(_clear_bss.o)
 .text.avr-libc
                0x000014d6       0x3c c:/program files (x86)/atmel/atmel studio 6.0/extensions/atmel/avrgcc/3.4.1.95/avrtoolchain/bin/../lib/gcc/avr/4.6.2/../../../../avr/lib/avr5\libc.a(atoi.o)
                0x000014d6                atoi
 .text.avr-libc
                0x00001512       0x10 c:/program files (x86)/atmel/atmel studio 6.0/extensions/atmel/avrgcc/3.4.1.95/avrtoolchain/bin/../lib/gcc/avr/4.6.2/../../../../avr/lib/avr5\libc.a(mul10.o)
                0x00001512                __mulhi_const_10
                0x00001522                . = ALIGN (0x2)
 *(.fini9)
 .fini9         0x00001522        0x0 c:/program files (x86)/atmel/atmel studio 6.0/extensions/atmel/avrgcc/3.4.1.95/avrtoolchain/bin/../lib/gcc/avr/4.6.2/avr5\libgcc.a(_exit.o)
                0x00001522                _exit
                0x00001522                exit
 *(.fini9)
 *(.fini8)
 *(.fini8)
 *(.fini7)
 *(.fini7)
 *(.fini6)
 *(.fini6)
 *(.fini5)
 *(.fini5)
 *(.fini4)
 *(.fini4)
 *(.fini3)
 *(.fini3)
 *(.fini2)
 *(.fini2)
 *(.fini1)
 *(.fini1)
 *(.fini0)
 .fini0         0x00001522        0x4 c:/program files (x86)/atmel/atmel studio 6.0/extensions/atmel/avrgcc/3.4.1.95/avrtoolchain/bin/../lib/gcc/avr/4.6.2/avr5\libgcc.a(_exit.o)
 *(.fini0)
                0x00001526                _etext = .

.data           0x00800060      0x17e load address 0x00001526
                0x00800060                PROVIDE (__data_start, .)
 *(.data)
 .data          0x00800060        0x0 c:/program files (x86)/atmel/atmel studio 6.0/extensions/atmel/avrgcc/3.4.1.95/avrtoolchain/bin/../lib/gcc/avr/4.6.2/../../../../avr/lib/avr5/crtm32.o
 .data          0x00800060       0xe5 ApplicationLayer/user_account.o
 .data          0x00800145        0x0 HAL/LCD/LCD.o
 .data          0x00800145        0x0 HAL/LED/LED.o
 .data          0x00800145       0x97 MasterController.o
 .data          0x008001dc        0x0 MCAL/DIO/DIO.o
 .data          0x008001dc        0x0 MCAL/EEPROM/EEPROM.o
 .data          0x008001dc        0x2 MCAL/SPI/SPI.o
 .data          0x008001de        0x0 MCAL/Timer/Timer.o
 .data          0x008001de        0x0 MCAL/UART/UART.o
 .data          0x008001de        0x0 c:/program files (x86)/atmel/atmel studio 6.0/extensions/atmel/avrgcc/3.4.1.95/avrtoolchain/bin/../lib/gcc/avr/4.6.2/avr5\libgcc.a(_udivmodhi4.o)
 .data          0x008001de        0x0 c:/program files (x86)/atmel/atmel studio 6.0/extensions/atmel/avrgcc/3.4.1.95/avrtoolchain/bin/../lib/gcc/avr/4.6.2/avr5\libgcc.a(_udivmodsi4.o)
 .data          0x008001de        0x0 c:/program files (x86)/atmel/atmel studio 6.0/extensions/atmel/avrgcc/3.4.1.95/avrtoolchain/bin/../lib/gcc/avr/4.6.2/avr5\libgcc.a(_exit.o)
 .data          0x008001de        0x0 c:/program files (x86)/atmel/atmel studio 6.0/extensions/atmel/avrgcc/3.4.1.95/avrtoolchain/bin/../lib/gcc/avr/4.6.2/avr5\libgcc.a(_copy_data.o)
 .data          0x008001de        0x0 c:/program files (x86)/atmel/atmel studio 6.0/extensions/atmel/avrgcc/3.4.1.95/avrtoolchain/bin/../lib/gcc/avr/4.6.2/avr5\libgcc.a(_clear_bss.o)
 .data          0x008001de        0x0 c:/program files (x86)/atmel/atmel studio 6.0/extensions/atmel/avrgcc/3.4.1.95/avrtoolchain/bin/../lib/gcc/avr/4.6.2/../../../../avr/lib/avr5\libc.a(atoi.o)
 .data          0x008001de        0x0 c:/program files (x86)/atmel/atmel studio 6.0/extensions/atmel/avrgcc/3.4.1.95/avrtoolchain/bin/../lib/gcc/avr/4.6.2/../../../../avr/lib/avr5\libc.a(mul10.o)
 *(.data*)
 *(.rodata)
 *(.rodata*)
 *(.gnu.linkonce.d*)
                0x008001de                . = ALIGN (0x2)
                0x008001de                _edata = .
                0x008001de                PROVIDE (__data_end, .)

.bss            0x008001de       0x2b
                0x008001de                PROVIDE (__bss_start, .)
 *(.bss)
 .bss           0x008001de        0x0 c:/program files (x86)/atmel/atmel studio 6.0/extensions/atmel/avrgcc/3.4.1.95/avrtoolchain/bin/../lib/gcc/avr/4.6.2/../../../../avr/lib/avr5/crtm32.o
 .bss           0x008001de        0x0 ApplicationLayer/user_account.o
 .bss           0x008001de        0x1 HAL/LCD/LCD.o
                0x008001de                CursorLocation
 .bss           0x008001df        0x0 HAL/LED/LED.o
 .bss           0x008001df        0x0 MasterController.o
 .bss           0x008001df        0x0 MCAL/DIO/DIO.o
 .bss           0x008001df        0x0 MCAL/EEPROM/EEPROM.o
 .bss           0x008001df        0x0 MCAL/SPI/SPI.o
 .bss           0x008001df        0x0 MCAL/Timer/Timer.o
 .bss           0x008001df        0x2 MCAL/UART/UART.o
 .bss           0x008001e1        0x0 c:/program files (x86)/atmel/atmel studio 6.0/extensions/atmel/avrgcc/3.4.1.95/avrtoolchain/bin/../lib/gcc/avr/4.6.2/avr5\libgcc.a(_udivmodhi4.o)
 .bss           0x008001e1        0x0 c:/program files (x86)/atmel/atmel studio 6.0/extensions/atmel/avrgcc/3.4.1.95/avrtoolchain/bin/../lib/gcc/avr/4.6.2/avr5\libgcc.a(_udivmodsi4.o)
 .bss           0x008001e1        0x0 c:/program files (x86)/atmel/atmel studio 6.0/extensions/atmel/avrgcc/3.4.1.95/avrtoolchain/bin/../lib/gcc/avr/4.6.2/avr5\libgcc.a(_exit.o)
 .bss           0x008001e1        0x0 c:/program files (x86)/atmel/atmel studio 6.0/extensions/atmel/avrgcc/3.4.1.95/avrtoolchain/bin/../lib/gcc/avr/4.6.2/avr5\libgcc.a(_copy_data.o)
 .bss           0x008001e1        0x0 c:/program files (x86)/atmel/atmel studio 6.0/extensions/atmel/avrgcc/3.4.1.95/avrtoolchain/bin/../lib/gcc/avr/4.6.2/avr5\libgcc.a(_clear_bss.o)
 .bss           0x008001e1        0x0 c:/program files (x86)/atmel/atmel studio 6.0/extensions/atmel/avrgcc/3.4.1.95/avrtoolchain/bin/../lib/gcc/avr/4.6.2/../../../../avr/lib/avr5\libc.a(atoi.o)
 .bss           0x008001e1        0x0 c:/program files (x86)/atmel/atmel studio 6.0/extensions/atmel/avrgcc/3.4.1.95/avrtoolchain/bin/../lib/gcc/avr/4.6.2/../../../../avr/lib/avr5\libc.a(mul10.o)
 *(.bss*)
 *(COMMON)
 COMMON         0x008001e1       0x23 ApplicationLayer/user_account.o
                0x008001e1                timer0
                0x008001e8                current_user
                0x00800202                BlockLED
 COMMON         0x00800204        0x5 HAL/LCD/LCD.o
                0x00800204                EN
                0x00800205                ControlPort
                0x00800206                RW
                0x00800207                DataPort
                0x00800208                RS
                0x00800209                PROVIDE (__bss_end, .)
                0x00001526                __data_load_start = LOADADDR (.data)
                0x000016a4                __data_load_end = (__data_load_start + SIZEOF (.data))

.noinit         0x00800209        0x0
                0x00800209                PROVIDE (__noinit_start, .)
 *(.noinit*)
                0x00800209                PROVIDE (__noinit_end, .)
                0x00800209                _end = .
                0x00800209                PROVIDE (__heap_start, .)

.eeprom         0x00810000        0x0
 *(.eeprom*)
                0x00810000                __eeprom_end = .

.fuse
 *(.fuse)
 *(.lfuse)
 *(.hfuse)
 *(.efuse)

.lock
 *(.lock*)

.signature
 *(.signature*)

.stab           0x00000000      0x8b8
 *(.stab)
 .stab          0x00000000      0x6cc c:/program files (x86)/atmel/atmel studio 6.0/extensions/atmel/avrgcc/3.4.1.95/avrtoolchain/bin/../lib/gcc/avr/4.6.2/../../../../avr/lib/avr5/crtm32.o
 .stab          0x000006cc      0x174 c:/program files (x86)/atmel/atmel studio 6.0/extensions/atmel/avrgcc/3.4.1.95/avrtoolchain/bin/../lib/gcc/avr/4.6.2/../../../../avr/lib/avr5\libc.a(atoi.o)
                                0x180 (size before relaxing)
 .stab          0x00000840       0x78 c:/program files (x86)/atmel/atmel studio 6.0/extensions/atmel/avrgcc/3.4.1.95/avrtoolchain/bin/../lib/gcc/avr/4.6.2/../../../../avr/lib/avr5\libc.a(mul10.o)
                                 0x84 (size before relaxing)

.stabstr        0x00000000      0x144
 *(.stabstr)
 .stabstr       0x00000000      0x144 c:/program files (x86)/atmel/atmel studio 6.0/extensions/atmel/avrgcc/3.4.1.95/avrtoolchain/bin/../lib/gcc/avr/4.6.2/../../../../avr/lib/avr5/crtm32.o

.stab.excl
 *(.stab.excl)

.stab.exclstr
 *(.stab.exclstr)

.stab.index
 *(.stab.index)

.stab.indexstr
 *(.stab.indexstr)

.comment
 *(.comment)

.debug
 *(.debug)

.line
 *(.line)

.debug_srcinfo
 *(.debug_srcinfo)

.debug_sfnames
 *(.debug_sfnames)

.debug_aranges  0x00000000      0x1c0
 *(.debug_aranges)
 .debug_aranges
                0x00000000       0x20 ApplicationLayer/user_account.o
 .debug_aranges
                0x00000020       0x20 HAL/LCD/LCD.o
 .debug_aranges
                0x00000040       0x20 HAL/LED/LED.o
 .debug_aranges
                0x00000060       0x20 MasterController.o
 .debug_aranges
                0x00000080       0x20 MCAL/DIO/DIO.o
 .debug_aranges
                0x000000a0       0x20 MCAL/EEPROM/EEPROM.o
 .debug_aranges
                0x000000c0       0x20 MCAL/SPI/SPI.o
 .debug_aranges
                0x000000e0       0x20 MCAL/Timer/Timer.o
 .debug_aranges
                0x00000100       0x20 MCAL/UART/UART.o
 .debug_aranges
                0x00000120       0x20 c:/program files (x86)/atmel/atmel studio 6.0/extensions/atmel/avrgcc/3.4.1.95/avrtoolchain/bin/../lib/gcc/avr/4.6.2/avr5\libgcc.a(_udivmodhi4.o)
 .debug_aranges
                0x00000140       0x20 c:/program files (x86)/atmel/atmel studio 6.0/extensions/atmel/avrgcc/3.4.1.95/avrtoolchain/bin/../lib/gcc/avr/4.6.2/avr5\libgcc.a(_udivmodsi4.o)
 .debug_aranges
                0x00000160       0x20 c:/program files (x86)/atmel/atmel studio 6.0/extensions/atmel/avrgcc/3.4.1.95/avrtoolchain/bin/../lib/gcc/avr/4.6.2/avr5\libgcc.a(_exit.o)
 .debug_aranges
                0x00000180       0x20 c:/program files (x86)/atmel/atmel studio 6.0/extensions/atmel/avrgcc/3.4.1.95/avrtoolchain/bin/../lib/gcc/avr/4.6.2/avr5\libgcc.a(_copy_data.o)
 .debug_aranges
                0x000001a0       0x20 c:/program files (x86)/atmel/atmel studio 6.0/extensions/atmel/avrgcc/3.4.1.95/avrtoolchain/bin/../lib/gcc/avr/4.6.2/avr5\libgcc.a(_clear_bss.o)

.debug_pubnames
 *(.debug_pubnames)

.debug_info     0x00000000     0x27da
 *(.debug_info)
 .debug_info    0x00000000      0x914 ApplicationLayer/user_account.o
 .debug_info    0x00000914      0x5cc HAL/LCD/LCD.o
 .debug_info    0x00000ee0      0x1c2 HAL/LED/LED.o
 .debug_info    0x000010a2      0x6d8 MasterController.o
 .debug_info    0x0000177a      0x43a MCAL/DIO/DIO.o
 .debug_info    0x00001bb4      0x19d MCAL/EEPROM/EEPROM.o
 .debug_info    0x00001d51      0x257 MCAL/SPI/SPI.o
 .debug_info    0x00001fa8      0x257 MCAL/Timer/Timer.o
 .debug_info    0x000021ff      0x18a MCAL/UART/UART.o
 .debug_info    0x00002389       0xdd c:/program files (x86)/atmel/atmel studio 6.0/extensions/atmel/avrgcc/3.4.1.95/avrtoolchain/bin/../lib/gcc/avr/4.6.2/avr5\libgcc.a(_udivmodhi4.o)
 .debug_info    0x00002466       0xdd c:/program files (x86)/atmel/atmel studio 6.0/extensions/atmel/avrgcc/3.4.1.95/avrtoolchain/bin/../lib/gcc/avr/4.6.2/avr5\libgcc.a(_udivmodsi4.o)
 .debug_info    0x00002543       0xdd c:/program files (x86)/atmel/atmel studio 6.0/extensions/atmel/avrgcc/3.4.1.95/avrtoolchain/bin/../lib/gcc/avr/4.6.2/avr5\libgcc.a(_exit.o)
 .debug_info    0x00002620       0xdd c:/program files (x86)/atmel/atmel studio 6.0/extensions/atmel/avrgcc/3.4.1.95/avrtoolchain/bin/../lib/gcc/avr/4.6.2/avr5\libgcc.a(_copy_data.o)
 .debug_info    0x000026fd       0xdd c:/program files (x86)/atmel/atmel studio 6.0/extensions/atmel/avrgcc/3.4.1.95/avrtoolchain/bin/../lib/gcc/avr/4.6.2/avr5\libgcc.a(_clear_bss.o)
 *(.gnu.linkonce.wi.*)

.debug_abbrev   0x00000000      0xcb6
 *(.debug_abbrev)
 .debug_abbrev  0x00000000      0x271 ApplicationLayer/user_account.o
 .debug_abbrev  0x00000271      0x220 HAL/LCD/LCD.o
 .debug_abbrev  0x00000491       0xc9 HAL/LED/LED.o
 .debug_abbrev  0x0000055a      0x205 MasterController.o
 .debug_abbrev  0x0000075f      0x117 MCAL/DIO/DIO.o
 .debug_abbrev  0x00000876       0xd8 MCAL/EEPROM/EEPROM.o
 .debug_abbrev  0x0000094e      0x147 MCAL/SPI/SPI.o
 .debug_abbrev  0x00000a95      0x111 MCAL/Timer/Timer.o
 .debug_abbrev  0x00000ba6       0xac MCAL/UART/UART.o
 .debug_abbrev  0x00000c52       0x14 c:/program files (x86)/atmel/atmel studio 6.0/extensions/atmel/avrgcc/3.4.1.95/avrtoolchain/bin/../lib/gcc/avr/4.6.2/avr5\libgcc.a(_udivmodhi4.o)
 .debug_abbrev  0x00000c66       0x14 c:/program files (x86)/atmel/atmel studio 6.0/extensions/atmel/avrgcc/3.4.1.95/avrtoolchain/bin/../lib/gcc/avr/4.6.2/avr5\libgcc.a(_udivmodsi4.o)
 .debug_abbrev  0x00000c7a       0x14 c:/program files (x86)/atmel/atmel studio 6.0/extensions/atmel/avrgcc/3.4.1.95/avrtoolchain/bin/../lib/gcc/avr/4.6.2/avr5\libgcc.a(_exit.o)
 .debug_abbrev  0x00000c8e       0x14 c:/program files (x86)/atmel/atmel studio 6.0/extensions/atmel/avrgcc/3.4.1.95/avrtoolchain/bin/../lib/gcc/avr/4.6.2/avr5\libgcc.a(_copy_data.o)
 .debug_abbrev  0x00000ca2       0x14 c:/program files (x86)/atmel/atmel studio 6.0/extensions/atmel/avrgcc/3.4.1.95/avrtoolchain/bin/../lib/gcc/avr/4.6.2/avr5\libgcc.a(_clear_bss.o)

.debug_line     0x00000000     0x1451
 *(.debug_line)
 .debug_line    0x00000000      0x451 ApplicationLayer/user_account.o
 .debug_line    0x00000451      0x29f HAL/LCD/LCD.o
 .debug_line    0x000006f0       0x84 HAL/LED/LED.o
 .debug_line    0x00000774      0x2dc MasterController.o
 .debug_line    0x00000a50      0x1a4 MCAL/DIO/DIO.o
 .debug_line    0x00000bf4      0x129 MCAL/EEPROM/EEPROM.o
 .debug_line    0x00000d1d      0x1e0 MCAL/SPI/SPI.o
 .debug_line    0x00000efd      0x14c MCAL/Timer/Timer.o
 .debug_line    0x00001049      0x11f MCAL/UART/UART.o
 .debug_line    0x00001168       0x9a c:/program files (x86)/atmel/atmel studio 6.0/extensions/atmel/avrgcc/3.4.1.95/avrtoolchain/bin/../lib/gcc/avr/4.6.2/avr5\libgcc.a(_udivmodhi4.o)
 .debug_line    0x00001202       0xa8 c:/program files (x86)/atmel/atmel studio 6.0/extensions/atmel/avrgcc/3.4.1.95/avrtoolchain/bin/../lib/gcc/avr/4.6.2/avr5\libgcc.a(_udivmodsi4.o)
 .debug_line    0x000012aa       0x88 c:/program files (x86)/atmel/atmel studio 6.0/extensions/atmel/avrgcc/3.4.1.95/avrtoolchain/bin/../lib/gcc/avr/4.6.2/avr5\libgcc.a(_exit.o)
 .debug_line    0x00001332       0x91 c:/program files (x86)/atmel/atmel studio 6.0/extensions/atmel/avrgcc/3.4.1.95/avrtoolchain/bin/../lib/gcc/avr/4.6.2/avr5\libgcc.a(_copy_data.o)
 .debug_line    0x000013c3       0x8e c:/program files (x86)/atmel/atmel studio 6.0/extensions/atmel/avrgcc/3.4.1.95/avrtoolchain/bin/../lib/gcc/avr/4.6.2/avr5\libgcc.a(_clear_bss.o)

.debug_frame    0x00000000      0x730
 *(.debug_frame)
 .debug_frame   0x00000000      0x1e0 ApplicationLayer/user_account.o
 .debug_frame   0x000001e0      0x150 HAL/LCD/LCD.o
 .debug_frame   0x00000330       0x54 HAL/LED/LED.o
 .debug_frame   0x00000384       0x88 MasterController.o
 .debug_frame   0x0000040c       0xc4 MCAL/DIO/DIO.o
 .debug_frame   0x000004d0       0x94 MCAL/EEPROM/EEPROM.o
 .debug_frame   0x00000564       0xa4 MCAL/SPI/SPI.o
 .debug_frame   0x00000608       0xa4 MCAL/Timer/Timer.o
 .debug_frame   0x000006ac       0x84 MCAL/UART/UART.o

.debug_str      0x00000000      0x978
 *(.debug_str)
 .debug_str     0x00000000      0x40e ApplicationLayer/user_account.o
                                0x455 (size before relaxing)
 .debug_str     0x0000040e      0x1dc HAL/LCD/LCD.o
                                0x3a6 (size before relaxing)
 .debug_str     0x000005ea       0x40 HAL/LED/LED.o
                                0x185 (size before relaxing)
 .debug_str     0x0000062a       0x4d MasterController.o
                                0x392 (size before relaxing)
 .debug_str     0x00000677      0x111 MCAL/DIO/DIO.o
                                0x265 (size before relaxing)
 .debug_str     0x00000788       0x5b MCAL/EEPROM/EEPROM.o
                                0x167 (size before relaxing)
 .debug_str     0x000007e3       0x7d MCAL/SPI/SPI.o
                                0x21e (size before relaxing)
 .debug_str     0x00000860       0x8e MCAL/Timer/Timer.o
                                0x25e (size before relaxing)
 .debug_str     0x000008ee       0x8a MCAL/UART/UART.o
                                0x19a (size before relaxing)

.debug_loc      0x00000000     0x179a
 *(.debug_loc)
 .debug_loc     0x00000000      0x9b6 ApplicationLayer/user_account.o
 .debug_loc     0x000009b6      0x340 HAL/LCD/LCD.o
 .debug_loc     0x00000cf6       0xdc HAL/LED/LED.o
 .debug_loc     0x00000dd2      0x1f1 MasterController.o
 .debug_loc     0x00000fc3      0x3e8 MCAL/DIO/DIO.o
 .debug_loc     0x000013ab      0x1d8 MCAL/EEPROM/EEPROM.o
 .debug_loc     0x00001583      0x102 MCAL/SPI/SPI.o
 .debug_loc     0x00001685       0xbb MCAL/Timer/Timer.o
 .debug_loc     0x00001740       0x5a MCAL/UART/UART.o

.debug_macinfo
 *(.debug_macinfo)
OUTPUT(MasterController.elf elf32-avr)
LOAD linker stubs

.debug_ranges   0x00000000       0xa8
 .debug_ranges  0x00000000       0x60 ApplicationLayer/user_account.o
 .debug_ranges  0x00000060       0x48 HAL/LCD/LCD.o
